MariaDB [csd2204w18]> CREATE TABLE IF NOT EXISTS `countries` (
    ->   `COUNTRY_ID` varchar(2) NOT NULL,
    ->   `COUNTRY_NAME` varchar(40) DEFAULT NULL,
    ->   `REGION_ID` decimal(10,0) DEFAULT NULL,
    ->   PRIMARY KEY (`COUNTRY_ID`),
    ->   KEY `COUNTR_REG_FK` (`REGION_ID`)
    -> ) ENGINE=MyISAM DEFAULT CHARSET=latin1;
    -> $$
Query OK, 0 rows affected (0.06 sec)

MariaDB [csd2204w18]> INSERT INTO `countries` (`COUNTRY_ID`, `COUNTRY_NAME`, `REGION_ID`) VALUES
    -> ('AR', 'Argentina', '2'),
    -> ('AU', 'Australia', '3'),
    -> ('BE', 'Belgium', '1'),
    -> ('BR', 'Brazil', '2'),
    -> ('CA', 'Canada', '2'),
    -> ('CH', 'Switzerland', '1'),
    -> ('CN', 'China', '3'),
    -> ('DE', 'Germany', '1'),
    -> ('DK', 'Denmark', '1'),
    -> ('EG', 'Egypt', '4'),
    -> ('FR', 'France', '1'),
    -> ('HK', 'HongKong', '3'),
    -> ('IL', 'Israel', '4'),
    -> ('IN', 'India', '3'),
    -> ('IT', 'Italy', '1'),
    -> ('JP', 'Japan', '3'),
    -> ('KW', 'Kuwait', '4'),
    -> ('MX', 'Mexico', '2'),
    -> ('NG', 'Nigeria', '4'),
    -> ('NL', 'Netherlands', '1'),
    -> ('SG', 'Singapore', '3'),
    -> ('UK', 'United Kingdom', '1'),
    -> ('US', 'United States of America', '2'),
    -> ('ZM', 'Zambia', '4'),
    -> ('ZW', 'Zimbabwe', '4');
    -> $$
Query OK, 25 rows affected (0.00 sec)
Records: 25  Duplicates: 0  Warnings: 0

MariaDB [csd2204w18]> create procedure countries()>select * from countries;
    -> $$
ERROR 1064 (42000): You have an error in your SQL syntax; check the manual that corresponds to your MariaDB server version for the right syntax to use near '>select * from countries' at line 1
MariaDB [csd2204w18]> create procedure countries_data()>select * from countries;
    -> $$
ERROR 1064 (42000): You have an error in your SQL syntax; check the manual that corresponds to your MariaDB server version for the right syntax to use near '>select * from countries' at line 1
MariaDB [csd2204w18]> create procedure countries()>select* from countries;
    -> $$
ERROR 1064 (42000): You have an error in your SQL syntax; check the manual that corresponds to your MariaDB server version for the right syntax to use near '>select* from countries' at line 1
MariaDB [csd2204w18]> create procedure countries>select* from countries;
    -> $$
ERROR 1064 (42000): You have an error in your SQL syntax; check the manual that corresponds to your MariaDB server version for the right syntax to use near '>select* from countries' at line 1
MariaDB [csd2204w18]> create procedure pro_variables()
    -> begin
    -> declare a int default 10;
    -> declare b,c int;
    -> set a=a+100;
    -> set b=2;
    -> set c=a+b;
    -> begin 
    -> declare c int;
    -> set c=5;
    -> select a,b,c;
    -> end;
    -> select a,b,c;
    -> end$$
Query OK, 0 rows affected (0.08 sec)

MariaDB [csd2204w18]> call  pro_variables();
    -> $$
+------+------+------+
| a    | b    | c    |
+------+------+------+
|  110 |    2 |    5 |
+------+------+------+
1 row in set (0.00 sec)

+------+------+------+
| a    | b    | c    |
+------+------+------+
|  110 |    2 |  112 |
+------+------+------+
1 row in set (0.01 sec)

Query OK, 0 rows affected (0.03 sec)

MariaDB [csd2204w18]> create procedure pro_user_variables()
    -> begin
    -> set @x=15;
    -> set @y=10;
    -> select @x,@x-@y;
    -> end$$
Query OK, 0 rows affected (0.11 sec)

MariaDB [csd2204w18]> call pro_user_variables();
    -> $$
+------+-------+
| @x   | @x-@y |
+------+-------+
|   15 |     5 |
+------+-------+
1 row in set (0.00 sec)

Query OK, 0 rows affected (0.00 sec)

MariaDB [csd2204w18]> select @x,@y;
    -> $$
+------+------+
| @x   | @y   |
+------+------+
|   15 |   10 |
+------+------+
1 row in set (0.00 sec)

MariaDB [csd2204w18]> create procedure pro_in(in var1 int)
    -> begin 
    -> select * from countries limit var1;
    -> end$$
Query OK, 0 rows affected (0.09 sec)

MariaDB [csd2204w18]> call pro_in(5)$$
+------------+--------------+-----------+
| COUNTRY_ID | COUNTRY_NAME | REGION_ID |
+------------+--------------+-----------+
| AR         | Argentina    |         2 |
| AU         | Australia    |         3 |
| BE         | Belgium      |         1 |
| BR         | Brazil       |         2 |
| CA         | Canada       |         2 |
+------------+--------------+-----------+
5 rows in set (0.00 sec)

Query OK, 0 rows affected (0.05 sec)

MariaDB [csd2204w18]> call pro_in(7)$$
+------------+--------------+-----------+
| COUNTRY_ID | COUNTRY_NAME | REGION_ID |
+------------+--------------+-----------+
| AR         | Argentina    |         2 |
| AU         | Australia    |         3 |
| BE         | Belgium      |         1 |
| BR         | Brazil       |         2 |
| CA         | Canada       |         2 |
| CH         | Switzerland  |         1 |
| CN         | China        |         3 |
+------------+--------------+-----------+
7 rows in set (0.00 sec)

Query OK, 0 rows affected (0.05 sec)

MariaDB [csd2204w18]> CREATE TABLE IF NOT EXISTS `jobs` (
    ->   `JOB_ID` varchar(10) NOT NULL DEFAULT '',
    ->   `JOB_TITLE` varchar(35) NOT NULL,
    ->   `MIN_SALARY` decimal(6,0) DEFAULT NULL,
    ->   `MAX_SALARY` decimal(6,0) DEFAULT NULL,
    ->   PRIMARY KEY (`JOB_ID`)
    -> ) ENGINE=MyISAM DEFAULT CHARSET=latin1;
    -> 
    -> $$
Query OK, 0 rows affected (0.75 sec)

MariaDB [csd2204w18]> INSERT INTO `jobs` (`JOB_ID`, `JOB_TITLE`, `MIN_SALARY`, `MAX_SALARY`) VALUES
    -> ('AD_PRES', 'President', '20000', '40000'),
    -> ('AD_VP', 'Administration Vice President', '15000', '30000'),
    -> ('AD_ASST', 'Administration Assistant', '3000', '6000'),
    -> ('FI_MGR', 'Finance Manager', '8200', '16000'),
    -> ('FI_ACCOUNT', 'Accountant', '4200', '9000'),
    -> ('AC_MGR', 'Accounting Manager', '8200', '16000'),
    -> ('AC_ACCOUNT', 'Public Accountant', '4200', '9000'),
    -> ('SA_MAN', 'Sales Manager', '10000', '20000'),
    -> ('SA_REP', 'Sales Representative', '6000', '12000'),
    -> ('PU_MAN', 'Purchasing Manager', '8000', '15000'),
    -> ('PU_CLERK', 'Purchasing Clerk', '2500', '5500'),
    -> ('ST_MAN', 'Stock Manager', '5500', '8500'),
    -> ('ST_CLERK', 'Stock Clerk', '2000', '5000'),
    -> ('SH_CLERK', 'Shipping Clerk', '2500', '5500'),
    -> ('IT_PROG', 'Programmer', '4000', '10000'),
    -> ('MK_MAN', 'Marketing Manager', '9000', '15000'),
    -> ('MK_REP', 'Marketing Representative', '4000', '9000'),
    -> ('HR_REP', 'Human Resources Representative', '4000', '9000'),
    -> ('PR_REP', 'Public Relations Representative', '4500', '10500');
    -> 
    -> -- --------------------------------------------------------
    -> 
    -> --
    -> -- Table structure for table `locations`
    -> --
    -> 
    -> CREATE TABLE IF NOT EXISTS `locations` (
    ->   `LOCATION_ID` decimal(4,0) NOT NULL DEFAULT '0',
    ->   `STREET_ADDRESS` varchar(40) DEFAULT NULL,
    ->   `POSTAL_CODE` varchar(12) DEFAULT NULL,
    ->   `CITY` varchar(30) NOT NULL,
    ->   `STATE_PROVINCE` varchar(25) DEFAULT NULL,
    ->   `COUNTRY_ID` varchar(2) DEFAULT NULL,
    ->   PRIMARY KEY (`LOCATION_ID`),
    ->   KEY `LOC_CITY_IX` (`CITY`),
    ->   KEY `LOC_COUNTRY_IX` (`COUNTRY_ID`),
    ->   KEY `LOC_STATE_PROVINCE_IX` (`STATE_PROVINCE`)
    -> $$
Query OK, 19 rows affected (0.00 sec)
Records: 19  Duplicates: 0  Warnings: 0

ERROR 1064 (42000): You have an error in your SQL syntax; check the manual that corresponds to your MariaDB server version for the right syntax to use near '' at line 11
MariaDB [csd2204w18]> create procedure my_pro_out(out highest
    -> ';
    '> ';$$
ERROR 1064 (42000): You have an error in your SQL syntax; check the manual that corresponds to your MariaDB server version for the right syntax to use near '';
'' at line 2
MariaDB [csd2204w18]> create procedure my_pro_out(out highest_salary int)
    -> begin 
    -> select max(max_salary) into highest_salary from jobs;
    -> end$$
Query OK, 0 rows affected (0.45 sec)

MariaDB [csd2204w18]> call my_pro_out(@m)$$select @m$$
Query OK, 1 row affected (0.00 sec)

+-------+
| @m    |
+-------+
| 40000 |
+-------+
1 row in set (0.00 sec)

MariaDB [csd2204w18]> create procedure pro1 in(1000)
    -> begin 
    -> select min(min_salary) in(1000) from jobs;
    -> end$$
ERROR 1064 (42000): You have an error in your SQL syntax; check the manual that corresponds to your MariaDB server version for the right syntax to use near 'in(1000)
begin 
select min(min_salary) in(1000) from jobs;
end' at line 1
MariaDB [csd2204w18]> create procedure pro1 (in salary int)
    -> begin
    -> seelct * from jobs where min_salary>salary;
    -> end$$
ERROR 1064 (42000): You have an error in your SQL syntax; check the manual that corresponds to your MariaDB server version for the right syntax to use near '* from jobs where min_salary>salary;
end' at line 3
MariaDB [csd2204w18]> create procedure pro1 (in salary int)
    -> begin
    -> select * from jobs where min_salary>salary;
    -> end$$
Query OK, 0 rows affected (0.08 sec)

MariaDB [csd2204w18]> call pro1(1000)$$
+------------+---------------------------------+------------+------------+
| JOB_ID     | JOB_TITLE                       | MIN_SALARY | MAX_SALARY |
+------------+---------------------------------+------------+------------+
| AD_PRES    | President                       |      20000 |      40000 |
| AD_VP      | Administration Vice President   |      15000 |      30000 |
| AD_ASST    | Administration Assistant        |       3000 |       6000 |
| FI_MGR     | Finance Manager                 |       8200 |      16000 |
| FI_ACCOUNT | Accountant                      |       4200 |       9000 |
| AC_MGR     | Accounting Manager              |       8200 |      16000 |
| AC_ACCOUNT | Public Accountant               |       4200 |       9000 |
| SA_MAN     | Sales Manager                   |      10000 |      20000 |
| SA_REP     | Sales Representative            |       6000 |      12000 |
| PU_MAN     | Purchasing Manager              |       8000 |      15000 |
| PU_CLERK   | Purchasing Clerk                |       2500 |       5500 |
| ST_MAN     | Stock Manager                   |       5500 |       8500 |
| ST_CLERK   | Stock Clerk                     |       2000 |       5000 |
| SH_CLERK   | Shipping Clerk                  |       2500 |       5500 |
| IT_PROG    | Programmer                      |       4000 |      10000 |
| MK_MAN     | Marketing Manager               |       9000 |      15000 |
| MK_REP     | Marketing Representative        |       4000 |       9000 |
| HR_REP     | Human Resources Representative  |       4000 |       9000 |
| PR_REP     | Public Relations Representative |       4500 |      10500 |
+------------+---------------------------------+------------+------------+
19 rows in set (0.00 sec)

Query OK, 0 rows affected (0.28 sec)

MariaDB [csd2204w18]> create procedure job_search(in salary int,out cntemp) begin select count(*) into cntemp from jobs where max_salary>salary;end$$
ERROR 1064 (42000): You have an error in your SQL syntax; check the manual that corresponds to your MariaDB server version for the right syntax to use near ') begin select count(*) into cntemp from jobs where max_salary>salary;end' at line 1
MariaDB [csd2204w18]> create procedure job_search(in salary int,out cntemp int) begin select count(*) into cntemp from jobs where max_salary>salary;end$$
Query OK, 0 rows affected (0.08 sec)

MariaDB [csd2204w18]> call job_search(5000)$$
ERROR 1318 (42000): Incorrect number of arguments for PROCEDURE csd2204w18.job_search; expected 2, got 1
MariaDB [csd2204w18]> call job_search(5000,@e)$$
Query OK, 1 row affected (0.00 sec)

MariaDB [csd2204w18]> select @e;
    -> $$
+------+
| @e   |
+------+
|   18 |
+------+
1 row in set (0.00 sec)

MariaDB [csd2204w18]> create procedure pro_inout(inout maxsalary int,in desig cahr(30))
    -> begin
    -> select max_salary into maxsalary from jobs where job_titlt=desig;
    -> end$$
ERROR 1064 (42000): You have an error in your SQL syntax; check the manual that corresponds to your MariaDB server version for the right syntax to use near 'cahr(30))
begin
select max_salary into maxsalary from jobs where job_titlt=desig' at line 1
MariaDB [csd2204w18]> create procedure pro_inout(inout maxsalary int,in desig cahr(30))
    -> begin
    -> select max_salary into maxsalary from jobs where job_title=desig;
    -> end$$
ERROR 1064 (42000): You have an error in your SQL syntax; check the manual that corresponds to your MariaDB server version for the right syntax to use near 'cahr(30))
begin
select max_salary into maxsalary from jobs where job_title=desig' at line 1
MariaDB [csd2204w18]> create procedure pro_inout(inout maxsalary int,in desig cahr(30))
    -> begin
    -> select max_salary into maxsalary from jobs where job_title =desig;
    -> end$$
ERROR 1064 (42000): You have an error in your SQL syntax; check the manual that corresponds to your MariaDB server version for the right syntax to use near 'cahr(30))
begin
select max_salary into maxsalary from jobs where job_title =desi' at line 1
MariaDB [csd2204w18]> create procedure pro_inout(inout maxsalary int,in desig char(30))
    -> begin
    -> select max_salary into maxsalary from jobs where job_title=desig;
    -> end$$
Query OK, 0 rows affected (0.14 sec)

MariaDB [csd2204w18]> call pro_inout(@c,'stock clerk')$$
Query OK, 1 row affected (0.00 sec)

MariaDB [csd2204w18]> select @c$$
+------+
| @c   |
+------+
| 5000 |
+------+
1 row in set (0.00 sec)

MariaDB [csd2204w18]> CREATE PROCEDURE proc_Compare_Salary(IN desig CHAR(30))
    -> BEGIN
    -> DECLARE progSal INT;
    -> DECLARE presSal INT;
    -> SELECT MIN_SALARY INTO progSal FROM jobs WHERE JOB_TITLE = desig;
    -> SELECT MIN_SALARY INTO presSal FROM jobs WHERE JOB_TITLE = 'president';
    -> SET presSal = presSal /2;
    -> SELECT presSal;
    -> SELECT progSal;
    -> IF (progSal < presSal)
    -> THEN
    -> SELECT 'You need an increment.';
    -> ELSEIF (progSal = presSal)
    -> THEN
    -> SELECT 'Salary is moderate';
    -> ELSE
    -> SELECT 'You are earning good';
    -> END IF;
    -> END$$
Query OK, 0 rows affected (0.08 sec)

MariaDB [csd2204w18]> CALL proc_Compare_Salary('Programmer')$$
+---------+
| presSal |
+---------+
|   10000 |
+---------+
1 row in set (0.00 sec)

+---------+
| progSal |
+---------+
|    4000 |
+---------+
1 row in set (0.01 sec)

+------------------------+
| You need an increment. |
+------------------------+
| You need an increment. |
+------------------------+
1 row in set (0.01 sec)

Query OK, 0 rows affected (0.03 sec)

MariaDB [csd2204w18]> ? CREATE PROCEDURE proc_Case (INOUT no_employees INT, IN

Nothing found
Please try to run 'help contents' for a list of all accessible topics

MariaDB [csd2204w18]> salary INT)
    -> BEGIN
    -> CASE
    -> WHEN (salary>10000)
    -> THEN (SELECT COUNT(job_id) INTO no_employees FROM
    -> jobs WHERE min_salary>10000);
    -> WHEN (salary<10000)
    -> THEN (SELECT COUNT(job_id) INTO no_employees FROM
    -> jobs WHERE min_salary<10000);
    -> ELSE (SELECT COUNT(job_id) INTO no_employees FROM jobs
    -> WHERE min_salary=10000);
    -> END CASE;
    -> END$$
ERROR 1064 (42000): You have an error in your SQL syntax; check the manual that corresponds to your MariaDB server version for the right syntax to use near 'salary INT)
BEGIN
CASE
WHEN (salary>10000)
THEN (SELECT COUNT(job_id) INTO no_em' at line 1
MariaDB [csd2204w18]> CREATE PROCEDURE proc_Case (INOUT no_employees INT, IN
    -> salary INT)
    -> BEGIN
    -> CASE
    -> WHEN (salary>10000)
    -> THEN (SELECT COUNT(job_id) INTO no_employees FROM
    -> jobs WHERE min_salary>10000);
    -> WHEN (salary<10000)
    -> THEN (SELECT COUNT(job_id) INTO no_employees FROM
    -> jobs WHERE min_salary<10000);
    -> ELSE (SELECT COUNT(job_id) INTO no_employees FROM jobs
    -> WHERE min_salary=10000);
    -> END CASE;
    -> END$$
Query OK, 0 rows affected (0.09 sec)

MariaDB [csd2204w18]> CALL proc_Case(@C,10001)$$
Query OK, 1 row affected (0.00 sec)

MariaDB [csd2204w18]> SELECT @C$$
+------+
| @C   |
+------+
|    2 |
+------+
1 row in set (0.00 sec)

MariaDB [csd2204w18]> ? CALL proc_Case(@C,10001);

Nothing found
Please try to run 'help contents' for a list of all accessible topics

MariaDB [csd2204w18]> CALL proc_Case(@C,9999);
    -> $$
Query OK, 1 row affected (0.00 sec)

MariaDB [csd2204w18]> select @c$$
+------+
| @c   |
+------+
|   16 |
+------+
1 row in set (0.00 sec)

MariaDB [csd2204w18]>  CALL proc_Case(@C,10001);
    -> $$
Query OK, 1 row affected (0.00 sec)

MariaDB [csd2204w18]> select @c$$
+------+
| @c   |
+------+
|    2 |
+------+
1 row in set (0.00 sec)

MariaDB [csd2204w18]> CALL proc_Case(@C,10000);
    -> $$
Query OK, 1 row affected (0.00 sec)

MariaDB [csd2204w18]> select @c$$
+------+
| @c   |
+------+
|    1 |
+------+
1 row in set (0.00 sec)

MariaDB [csd2204w18]> CREATE PROCEDURE proc_LOOP (IN num INT)
    -> BEGIN
    -> DECLARE x INT;
    -> SET x = 0;
    -> loop_label: LOOP
    -> INSERT INTO number VALUES (rand());
    -> SET x = x + 1;
    -> IF x >= num
    -> THEN LEAVE loop_label;
    -> END IF;
    -> END LOOP;
    -> END$$
Query OK, 0 rows affected (0.61 sec)

MariaDB [csd2204w18]> ? CALL proc_LOOP(3)$$

Nothing found
Please try to run 'help contents' for a list of all accessible topics

MariaDB [csd2204w18]> ? CALL proc_LOOP(3)$$

Nothing found
Please try to run 'help contents' for a list of all accessible topics

MariaDB [csd2204w18]> CALL proc_LOOP(3)$$
ERROR 1146 (42S02): Table 'csd2204w18.number' doesn't exist
MariaDB [csd2204w18]> create table numbers(n1 floats(5,2));$$
ERROR 1064 (42000): You have an error in your SQL syntax; check the manual that corresponds to your MariaDB server version for the right syntax to use near 'floats(5,2))' at line 1
MariaDB [csd2204w18]> create table numbers(n1 float(5,2));$$
Query OK, 0 rows affected (0.53 sec)

MariaDB [csd2204w18]>  CREATE PROCEDURE proc_LOOP (IN num INT)
    ->     -> BEGIN
    ->     -> DECLARE x INT;
    ->     -> SET x = 0;
    ->     -> loop_label: LOOP
    ->     -> INSERT INTO number VALUES (rand());
    ->     -> SET x = x + 1;
    ->     -> IF x >= num
    ->     -> THEN LEAVE loop_label;
    ->     -> END IF;
    ->     -> END LOOP;
    ->     -> END$$
ERROR 1064 (42000): You have an error in your SQL syntax; check the manual that corresponds to your MariaDB server version for the right syntax to use near '-> BEGIN
    -> DECLARE x INT;
    -> SET x = 0;
    -> loop_label: LOOP
    -> ' at line 2
MariaDB [csd2204w18]> CREATE PROCEDURE proc_LOOP (IN num INT)
    -> BEGIN
    -> DECLARE x INT;
    -> SET x = 0;
    -> loop_label: LOOP
    -> INSERT INTO number VALUES (rand());
    -> SET x = x + 1;
    -> IF x >= num
    -> THEN LEAVE loop_label;
    -> END IF;
    -> END LOOP;
    -> END$$
ERROR 1304 (42000): PROCEDURE proc_LOOP already exists
MariaDB [csd2204w18]> 