
Setting environment for using XAMPP for Windows.
730110@128-IMAC19 c:\xampp
# mysql -u root -p
Enter password:
Welcome to the MariaDB monitor.  Commands end with ; or \g.
Your MariaDB connection id is 2
Server version: 10.1.21-MariaDB mariadb.org binary distribution

Copyright (c) 2000, 2016, Oracle, MariaDB Corporation Ab and others.

Type 'help;' or '\h' for help. Type '\c' to clear the current input statement.

MariaDB [(none)]> show databases;
+--------------------+
| Database           |
+--------------------+
| class              |
| information_schema |
| mysql              |
| performance_schema |
| phpmyadmin         |
| test               |
+--------------------+
6 rows in set (0.00 sec)

MariaDB [(none)]> use class
Database changed
MariaDB [class]> select * from class;
ERROR 1146 (42S02): Table 'class.class' doesn't exist
MariaDB [class]> describe table class;
ERROR 1064 (42000): You have an error in your SQL syntax; check the manual that corresponds to your MariaDB server version for the right syntax to use near 'table class' at line 1
MariaDB [class]> show databases;
+--------------------+
| Database           |
+--------------------+
| class              |
| information_schema |
| mysql              |
| performance_schema |
| phpmyadmin         |
| test               |
+--------------------+
6 rows in set (0.00 sec)

MariaDB [class]> create database csd2204v18;
Query OK, 1 row affected (0.00 sec)

MariaDB [class]> use csd2204v18;
Database changed
MariaDB [csd2204v18]> create table customers(
    -> customerid int(2),name varchar(40), nickname varchar(10),address varchar(50),city varchar(30),postalcode int(6));
Query OK, 0 rows affected (0.41 sec)

MariaDB [csd2204v18]> show tables;
+----------------------+
| Tables_in_csd2204v18 |
+----------------------+
| customers            |
+----------------------+
1 row in set (0.00 sec)

MariaDB [csd2204v18]> insert into customers value(1,'arsh','arsh','32 wshington street'.'woc',235614);
ERROR 1064 (42000): You have an error in your SQL syntax; check the manual that corresponds to your MariaDB server version for the right syntax to use near '.'woc',235614)' at line 1
MariaDB [csd2204v18]>  insert into customers values(1,'arsh','arsh','north york','toronto',235614);
Query OK, 1 row affected (0.09 sec)

MariaDB [csd2204v18]> insert into customers values(2,'bob marlery','bob','keele street','wdc',123456);
Query OK, 1 row affected (0.13 sec)

MariaDB [csd2204v18]> insert into customers values(3,'cherlies thon','charles','empire state building','brazil',127853);
Query OK, 1 row affected (0.08 sec)

MariaDB [csd2204v18]> insert into customers values(4,'denil jack','gj','kemmedy','south africa',645287);
Query OK, 1 row affected (0.09 sec)

MariaDB [csd2204v18]> insert into customers values(5,'tony special','special','cakwile','usa',330087);
Query OK, 1 row affected (0.05 sec)

MariaDB [csd2204v18]> select  * from customers;
+------------+---------------+----------+-----------------------+--------------+------------+
| customerid | name          | nickname | address               | city         | postalcode |
+------------+---------------+----------+-----------------------+--------------+------------+
|          1 | arsh          | arsh     | north york            | toronto      |     235614 |
|          2 | bob marlery   | bob      | keele street          | wdc          |     123456 |
|          3 | cherlies thon | charles  | empire state building | brazil       |     127853 |
|          4 | denil jack    | gj       | kemmedy               | south africa |     645287 |
|          5 | tony special  | special  | cakwile               | usa          |     330087 |
+------------+---------------+----------+-----------------------+--------------+------------+
5 rows in set (0.00 sec)

MariaDB [csd2204v18]> create table citymaster(
    -> CityID integer(4) primary key, Cityname varchar(255) default 'toronto’);
Query OK, 0 rows affected (0.34 sec)

MariaDB [csd2204v18]> create table persons(
    -> ID integer(3), LasteName varchar(255) NOT NULL,FirstName Varchar(255), Age integer(3),CityID integer(4), constraint pk_persons primary key (ID), constraint ck_persons check (age>=18), constraint fk_persons foreign key (CityID) references CityMaster (CityID));
Query OK, 0 rows affected (0.77 sec)

MariaDB [csd2204v18]> show table citymaster;
ERROR 1064 (42000): You have an error in your SQL syntax; check the manual that corresponds to your MariaDB server version for the right syntax to use near 'citymaster' at line 1
MariaDB [csd2204v18]> show tables citymaster;
ERROR 1064 (42000): You have an error in your SQL syntax; check the manual that corresponds to your MariaDB server version for the right syntax to use near 'citymaster' at line 1
MariaDB [csd2204v18]> show create tables citymaster;
ERROR 1064 (42000): You have an error in your SQL syntax; check the manual that corresponds to your MariaDB server version for the right syntax to use near 'tables citymaster' at line 1
MariaDB [csd2204v18]>
MariaDB [csd2204v18]> show tables;
+----------------------+
| Tables_in_csd2204v18 |
+----------------------+
| citymaster           |
| customers            |
| persons              |
+----------------------+
3 rows in set (0.00 sec)

MariaDB [csd2204v18]> describe citymaster;
+----------+--------------+------+-----+---------+-------+
| Field    | Type         | Null | Key | Default | Extra |
+----------+--------------+------+-----+---------+-------+
| CityID   | int(4)       | NO   | PRI | NULL    |       |
| Cityname | varchar(255) | YES  |     | toronto |       |
+----------+--------------+------+-----+---------+-------+
2 rows in set (0.00 sec)

MariaDB [csd2204v18]> describe persons;
+-----------+--------------+------+-----+---------+-------+
| Field     | Type         | Null | Key | Default | Extra |
+-----------+--------------+------+-----+---------+-------+
| ID        | int(3)       | NO   | PRI | NULL    |       |
| LasteName | varchar(255) | NO   |     | NULL    |       |
| FirstName | varchar(255) | YES  |     | NULL    |       |
| Age       | int(3)       | YES  |     | NULL    |       |
| CityID    | int(4)       | YES  | MUL | NULL    |       |
+-----------+--------------+------+-----+---------+-------+
5 rows in set (0.00 sec)

MariaDB [csd2204v18]> show index from customers;
Empty set (0.00 sec)

MariaDB [csd2204v18]> show index from persons;
+---------+------------+------------+--------------+-------------+-----------+-------------+----------+--------+------+------------+---------+---------------+
| Table   | Non_unique | Key_name   | Seq_in_index | Column_name | Collation | Cardinality | Sub_part | Packed | Null | Index_type | Comment | Index_comment |
+---------+------------+------------+--------------+-------------+-----------+-------------+----------+--------+------+------------+---------+---------------+
| persons |          0 | PRIMARY    |            1 | ID          | A         |           0 |     NULL | NULL   |      | BTREE      |         |               |
| persons |          1 | fk_persons |            1 | CityID      | A         |           0 |     NULL | NULL   | YES  | BTREE      |         |               |
+---------+------------+------------+--------------+-------------+-----------+-------------+----------+--------+------+------------+---------+---------------+
2 rows in set (0.00 sec)

MariaDB [csd2204v18]> show index from citymaster;
+------------+------------+----------+--------------+-------------+-----------+-------------+----------+--------+------+------------+---------+---------------+
| Table      | Non_unique | Key_name | Seq_in_index | Column_name | Collation | Cardinality | Sub_part | Packed | Null | Index_type | Comment | Index_comment |
+------------+------------+----------+--------------+-------------+-----------+-------------+----------+--------+------+------------+---------+---------------+
| citymaster |          0 | PRIMARY  |            1 | CityID      | A         |           0 |     NULL | NULL   |      | BTREE      |         |               |
+------------+------------+----------+--------------+-------------+-----------+-------------+----------+--------+------+------------+---------+---------------+
1 row in set (0.00 sec)

MariaDB [csd2204v18]> create table c1 AS select * from customers;
Query OK, 5 rows affected (0.58 sec)
Records: 5  Duplicates: 0  Warnings: 0

MariaDB [csd2204v18]> select * from c1;
+------------+---------------+----------+-----------------------+--------------+------------+
| customerid | name          | nickname | address               | city         | postalcode |
+------------+---------------+----------+-----------------------+--------------+------------+
|          1 | arsh          | arsh     | north york            | toronto      |     235614 |
|          2 | bob marlery   | bob      | keele street          | wdc          |     123456 |
|          3 | cherlies thon | charles  | empire state building | brazil       |     127853 |
|          4 | denil jack    | gj       | kemmedy               | south africa |     645287 |
|          5 | tony special  | special  | cakwile               | usa          |     330087 |
+------------+---------------+----------+-----------------------+--------------+------------+
5 rows in set (0.00 sec)

MariaDB [csd2204v18]> create table c2 AS persons;
ERROR 1064 (42000): You have an error in your SQL syntax; check the manual that corresponds to your MariaDB server version for the right syntax to use near 'persons' at line 1
MariaDB [csd2204v18]> create table c2 AS select * from persons;
Query OK, 0 rows affected (0.33 sec)
Records: 0  Duplicates: 0  Warnings: 0

MariaDB [csd2204v18]> select * from c2;
Empty set (0.00 sec)

MariaDB [csd2204v18]> desc person;;
ERROR 1146 (42S02): Table 'csd2204v18.person' doesn't exist
ERROR: No query specified

MariaDB [csd2204v18]> desc person;
ERROR 1146 (42S02): Table 'csd2204v18.person' doesn't exist
MariaDB [csd2204v18]> desc persons;
+-----------+--------------+------+-----+---------+-------+
| Field     | Type         | Null | Key | Default | Extra |
+-----------+--------------+------+-----+---------+-------+
| ID        | int(3)       | NO   | PRI | NULL    |       |
| LasteName | varchar(255) | NO   |     | NULL    |       |
| FirstName | varchar(255) | YES  |     | NULL    |       |
| Age       | int(3)       | YES  |     | NULL    |       |
| CityID    | int(4)       | YES  | MUL | NULL    |       |
+-----------+--------------+------+-----+---------+-------+
5 rows in set (0.00 sec)

MariaDB [csd2204v18]> desc c2;
+-----------+--------------+------+-----+---------+-------+
| Field     | Type         | Null | Key | Default | Extra |
+-----------+--------------+------+-----+---------+-------+
| ID        | int(3)       | NO   |     | NULL    |       |
| LasteName | varchar(255) | NO   |     | NULL    |       |
| FirstName | varchar(255) | YES  |     | NULL    |       |
| Age       | int(3)       | YES  |     | NULL    |       |
| CityID    | int(4)       | YES  |     | NULL    |       |
+-----------+--------------+------+-----+---------+-------+
5 rows in set (0.00 sec)

MariaDB [csd2204v18]> create table c3 LIKE persons;
Query OK, 0 rows affected (0.42 sec)

MariaDB [csd2204v18]> desc c3;
+-----------+--------------+------+-----+---------+-------+
| Field     | Type         | Null | Key | Default | Extra |
+-----------+--------------+------+-----+---------+-------+
| ID        | int(3)       | NO   | PRI | NULL    |       |
| LasteName | varchar(255) | NO   |     | NULL    |       |
| FirstName | varchar(255) | YES  |     | NULL    |       |
| Age       | int(3)       | YES  |     | NULL    |       |
| CityID    | int(4)       | YES  | MUL | NULL    |       |
+-----------+--------------+------+-----+---------+-------+
5 rows in set (0.00 sec)

MariaDB [csd2204v18]> select * from pearson;
ERROR 1146 (42S02): Table 'csd2204v18.pearson' doesn't exist
MariaDB [csd2204v18]> select * from pearsons;
ERROR 1146 (42S02): Table 'csd2204v18.pearsons' doesn't exist
MariaDB [csd2204v18]> select * from persons;
Empty set (0.00 sec)

MariaDB [csd2204v18]> create table cust as select * from customers;
Query OK, 5 rows affected (0.38 sec)
Records: 5  Duplicates: 0  Warnings: 0

MariaDB [csd2204v18]> decs cust;
ERROR 1064 (42000): You have an error in your SQL syntax; check the manual that corresponds to your MariaDB server version for the right syntax to use near 'decs cust' at line 1
MariaDB [csd2204v18]> create table c like customers;
Query OK, 0 rows affected (0.28 sec)

MariaDB [csd2204v18]> dsec c;
ERROR 1064 (42000): You have an error in your SQL syntax; check the manual that corresponds to your MariaDB server version for the right syntax to use near 'dsec c' at line 1
MariaDB [csd2204v18]> INSERT INTO c SELECT * FROM cust where customerid>0;
Query OK, 5 rows affected (0.09 sec)
Records: 5  Duplicates: 0  Warnings: 0

MariaDB [csd2204v18]> desc c;
+------------+-------------+------+-----+---------+-------+
| Field      | Type        | Null | Key | Default | Extra |
+------------+-------------+------+-----+---------+-------+
| customerid | int(2)      | YES  |     | NULL    |       |
| name       | varchar(40) | YES  |     | NULL    |       |
| nickname   | varchar(10) | YES  |     | NULL    |       |
| address    | varchar(50) | YES  |     | NULL    |       |
| city       | varchar(30) | YES  |     | NULL    |       |
| postalcode | int(6)      | YES  |     | NULL    |       |
+------------+-------------+------+-----+---------+-------+
6 rows in set (0.00 sec)

MariaDB [csd2204v18]> select * from c1;
+------------+---------------+----------+-----------------------+--------------+------------+
| customerid | name          | nickname | address               | city         | postalcode |
+------------+---------------+----------+-----------------------+--------------+------------+
|          1 | arsh          | arsh     | north york            | toronto      |     235614 |
|          2 | bob marlery   | bob      | keele street          | wdc          |     123456 |
|          3 | cherlies thon | charles  | empire state building | brazil       |     127853 |
|          4 | denil jack    | gj       | kemmedy               | south africa |     645287 |
|          5 | tony special  | special  | cakwile               | usa          |     330087 |
+------------+---------------+----------+-----------------------+--------------+------------+
5 rows in set (0.00 sec)

MariaDB [csd2204v18]> desc persons;
+-----------+--------------+------+-----+---------+-------+
| Field     | Type         | Null | Key | Default | Extra |
+-----------+--------------+------+-----+---------+-------+
| ID        | int(3)       | NO   | PRI | NULL    |       |
| LasteName | varchar(255) | NO   |     | NULL    |       |
| FirstName | varchar(255) | YES  |     | NULL    |       |
| Age       | int(3)       | YES  |     | NULL    |       |
| CityID    | int(4)       | YES  | MUL | NULL    |       |
+-----------+--------------+------+-----+---------+-------+
5 rows in set (0.00 sec)

MariaDB [csd2204v18]> show index from pearsons;
ERROR 1146 (42S02): Table 'csd2204v18.pearsons' doesn't exist
MariaDB [csd2204v18]> show index from persons;
+---------+------------+------------+--------------+-------------+-----------+-------------+----------+--------+------+------------+---------+---------------+
| Table   | Non_unique | Key_name   | Seq_in_index | Column_name | Collation | Cardinality | Sub_part | Packed | Null | Index_type | Comment | Index_comment |
+---------+------------+------------+--------------+-------------+-----------+-------------+----------+--------+------+------------+---------+---------------+
| persons |          0 | PRIMARY    |            1 | ID          | A         |           0 |     NULL | NULL   |      | BTREE      |         |               |
| persons |          1 | fk_persons |            1 | CityID      | A         |           0 |     NULL | NULL   | YES  | BTREE      |         |               |
+---------+------------+------------+--------------+-------------+-----------+-------------+----------+--------+------+------------+---------+---------------+
2 rows in set (0.00 sec)

MariaDB [csd2204v18]> select * from persons;
Empty set (0.00 sec)

MariaDB [csd2204v18]> insert into table citymaster values(1234,'brampton');
ERROR 1064 (42000): You have an error in your SQL syntax; check the manual that corresponds to your MariaDB server version for the right syntax to use near 'table citymaster values(1234,'brampton')' at line 1
MariaDB [csd2204v18]> insert into citymaster values(1234,'brampton');
Query OK, 1 row affected (0.05 sec)

MariaDB [csd2204v18]> insert into citymaster values(2345,'toronto');
Query OK, 1 row affected (0.06 sec)

MariaDB [csd2204v18]> select * from citymaster;
+--------+----------+
| CityID | Cityname |
+--------+----------+
|   1234 | brampton |
|   2345 | toronto  |
+--------+----------+
2 rows in set (0.00 sec)

MariaDB [csd2204v18]> insert into persons values(1,'kaur','sukhman',23,1234);
Query OK, 1 row affected (0.06 sec)

MariaDB [csd2204v18]> insert into persons values(2,'preet','nabi',24,2345);
Query OK, 1 row affected (0.06 sec)

MariaDB [csd2204v18]> select * from persons;
+----+-----------+-----------+------+--------+
| ID | LasteName | FirstName | Age  | CityID |
+----+-----------+-----------+------+--------+
|  1 | kaur      | sukhman   |   23 |   1234 |
|  2 | preet     | nabi      |   24 |   2345 |
+----+-----------+-----------+------+--------+
2 rows in set (0.00 sec)

MariaDB [csd2204v18]> select version
    -> 90;
ERROR 1064 (42000): You have an error in your SQL syntax; check the manual that corresponds to your MariaDB server version for the right syntax to use near '90' at line 2
MariaDB [csd2204v18]> select version();
+-----------------+
| version()       |
+-----------------+
| 10.1.21-MariaDB |
+-----------------+
1 row in set (0.00 sec)

MariaDB [csd2204v18]> select database;
ERROR 1064 (42000): You have an error in your SQL syntax; check the manual that corresponds to your MariaDB server version for the right syntax to use near '' at line 1
MariaDB [csd2204v18]> select database();
+------------+
| database() |
+------------+
| csd2204v18 |
+------------+
1 row in set (0.00 sec)

MariaDB [csd2204v18]> alter table citymaster add column country varchar(100);
Query OK, 0 rows affected (0.52 sec)
Records: 0  Duplicates: 0  Warnings: 0

MariaDB [csd2204v18]> select * from citymaster;
+--------+----------+---------+
| CityID | Cityname | country |
+--------+----------+---------+
|   1234 | brampton | NULL    |
|   2345 | toronto  | NULL    |
+--------+----------+---------+
2 rows in set (0.00 sec)

MariaDB [csd2204v18]> alter table citymaster add column  test;
ERROR 1064 (42000): You have an error in your SQL syntax; check the manual that corresponds to your MariaDB server version for the right syntax to use near '' at line 1
MariaDB [csd2204v18]> alter table citymaster  modify column country vachar(20);
ERROR 1064 (42000): You have an error in your SQL syntax; check the manual that corresponds to your MariaDB server version for the right syntax to use near 'vachar(20)' at line 1
MariaDB [csd2204v18]> alter table citymaster modify column country vachar(20);
ERROR 1064 (42000): You have an error in your SQL syntax; check the manual that corresponds to your MariaDB server version for the right syntax to use near 'vachar(20)' at line 1
MariaDB [csd2204v18]> alter table citymaster modify column country varchar(20);
Query OK, 2 rows affected (0.89 sec)
Records: 2  Duplicates: 0  Warnings: 0

MariaDB [csd2204v18]> alter table citymaster change column country zipcode varchar(6);
Query OK, 2 rows affected (2.16 sec)
Records: 2  Duplicates: 0  Warnings: 0

MariaDB [csd2204v18]> select * from citymaster;
+--------+----------+---------+
| CityID | Cityname | zipcode |
+--------+----------+---------+
|   1234 | brampton | NULL    |
|   2345 | toronto  | NULL    |
+--------+----------+---------+
2 rows in set (0.00 sec)

MariaDB [csd2204v18]> alter table citymaster drop column country;
ERROR 1091 (42000): Can't DROP 'country'; check that column/key exists
MariaDB [csd2204v18]> alter table citymaster drop column zipcode;
Query OK, 0 rows affected (0.69 sec)
Records: 0  Duplicates: 0  Warnings: 0

MariaDB [csd2204v18]> select * from citymaster;
+--------+----------+
| CityID | Cityname |
+--------+----------+
|   1234 | brampton |
|   2345 | toronto  |
+--------+----------+
2 rows in set (0.00 sec)

MariaDB [csd2204v18]> alter table cust add primary key(customerid);
Query OK, 5 rows affected (1.56 sec)
Records: 5  Duplicates: 0  Warnings: 0

MariaDB [csd2204v18]> create table citys as select * from citymaster;
Query OK, 2 rows affected (0.45 sec)
Records: 2  Duplicates: 0  Warnings: 0

MariaDB [csd2204v18]> desc citys;
+----------+--------------+------+-----+---------+-------+
| Field    | Type         | Null | Key | Default | Extra |
+----------+--------------+------+-----+---------+-------+
| CityID   | int(4)       | NO   |     | NULL    |       |
| Cityname | varchar(255) | YES  |     | toronto |       |
+----------+--------------+------+-----+---------+-------+
2 rows in set (0.01 sec)

MariaDB [csd2204v18]> alter table citys add primary key(cityid);
Query OK, 0 rows affected (0.73 sec)
Records: 0  Duplicates: 0  Warnings: 0

MariaDB [csd2204v18]> alter table citys add constraint unique(cityname);
Query OK, 0 rows affected (0.36 sec)
Records: 0  Duplicates: 0  Warnings: 0

MariaDB [csd2204v18]> desc citys;
+----------+--------------+------+-----+---------+-------+
| Field    | Type         | Null | Key | Default | Extra |
+----------+--------------+------+-----+---------+-------+
| CityID   | int(4)       | NO   | PRI | NULL    |       |
| Cityname | varchar(255) | YES  | UNI | toronto |       |
+----------+--------------+------+-----+---------+-------+
2 rows in set (0.02 sec)

MariaDB [csd2204v18]> alter table citys modify name varchar
    -> 9
    ->  ';
    '>  ';
ERROR 1064 (42000): You have an error in your SQL syntax; check the manual that corresponds to your MariaDB server version for the right syntax to use near '9
 ';
 '' at line 2
MariaDB [csd2204v18]> alter table citys modify cityname varchar(40);
Query OK, 2 rows affected (2.32 sec)
Records: 2  Duplicates: 0  Warnings: 0

MariaDB [csd2204v18]> desc citys;
+----------+-------------+------+-----+---------+-------+
| Field    | Type        | Null | Key | Default | Extra |
+----------+-------------+------+-----+---------+-------+
| CityID   | int(4)      | NO   | PRI | NULL    |       |
| cityname | varchar(40) | YES  | UNI | NULL    |       |
+----------+-------------+------+-----+---------+-------+
2 rows in set (0.00 sec)

MariaDB [csd2204v18]> alter table citys modify cityname varchar(40) not null;
Query OK, 2 rows affected (1.19 sec)
Records: 2  Duplicates: 0  Warnings: 0

MariaDB [csd2204v18]> desc citys;
+----------+-------------+------+-----+---------+-------+
| Field    | Type        | Null | Key | Default | Extra |
+----------+-------------+------+-----+---------+-------+
| CityID   | int(4)      | NO   | PRI | NULL    |       |
| cityname | varchar(40) | NO   | UNI | NULL    |       |
+----------+-------------+------+-----+---------+-------+
2 rows in set (0.06 sec)

MariaDB [csd2204v18]> alter table citys drop index cityid;
ERROR 1091 (42000): Can't DROP 'cityid'; check that column/key exists
MariaDB [csd2204v18]> alter table citys drop index cityname;
Query OK, 0 rows affected (0.32 sec)
Records: 0  Duplicates: 0  Warnings: 0

MariaDB [csd2204v18]> desc citys;
+----------+-------------+------+-----+---------+-------+
| Field    | Type        | Null | Key | Default | Extra |
+----------+-------------+------+-----+---------+-------+
| CityID   | int(4)      | NO   | PRI | NULL    |       |
| cityname | varchar(40) | NO   |     | NULL    |       |
+----------+-------------+------+-----+---------+-------+
2 rows in set (0.00 sec)

MariaDB [csd2204v18]> alter table citymaster drop primary key;
ERROR 1025 (HY000): Error on rename of '.\csd2204v18\#sql-2144_2' to '.\csd2204v18\citymaster' (errno: 150 "Foreign key constraint is incorrectly formed")
MariaDB [csd2204v18]> update citymaster set cityname='vancouvr' where cityid=1234;
Query OK, 1 row affected (0.08 sec)
Rows matched: 1  Changed: 1  Warnings: 0

MariaDB [csd2204v18]> select * from citymaster;
+--------+----------+
| CityID | Cityname |
+--------+----------+
|   1234 | vancouvr |
|   2345 | toronto  |
+--------+----------+
2 rows in set (0.00 sec)

MariaDB [csd2204v18]> update citymaster set ciytname='london';
ERROR 1054 (42S22): Unknown column 'ciytname' in 'field list'
MariaDB [csd2204v18]> update citymaster set citytname='london';
ERROR 1054 (42S22): Unknown column 'citytname' in 'field list'
MariaDB [csd2204v18]> update citymaster set cityname='london';
Query OK, 2 rows affected (0.05 sec)
Rows matched: 2  Changed: 2  Warnings: 0

MariaDB [csd2204v18]> select * from citymaster;
+--------+----------+
| CityID | Cityname |
+--------+----------+
|   1234 | london   |
|   2345 | london   |
+--------+----------+
2 rows in set (0.00 sec)

MariaDB [csd2204v18]> delete from citymaster where cityid=1234;
ERROR 1451 (23000): Cannot delete or update a parent row: a foreign key constraint fails (`csd2204v18`.`persons`, CONSTRAINT `fk_persons` FOREIGN KEY (`CityID`) REFERENCES `citymaster` (`CityID`))
MariaDB [csd2204v18]> delete * from persons;
ERROR 1064 (42000): You have an error in your SQL syntax; check the manual that corresponds to your MariaDB server version for the right syntax to use near '* from persons' at line 1
MariaDB [csd2204v18]> delete * from person;
ERROR 1064 (42000): You have an error in your SQL syntax; check the manual that corresponds to your MariaDB server version for the right syntax to use near '* from person' at line 1
MariaDB [csd2204v18]> delete * from persons;
ERROR 1064 (42000): You have an error in your SQL syntax; check the manual that corresponds to your MariaDB server version for the right syntax to use near '* from persons' at line 1
MariaDB [csd2204v18]> delete * from person lastname;
ERROR 1064 (42000): You have an error in your SQL syntax; check the manual that corresponds to your MariaDB server version for the right syntax to use near '* from person lastname' at line 1
MariaDB [csd2204v18]> delete from person;
ERROR 1146 (42S02): Table 'csd2204v18.person' doesn't exist
MariaDB [csd2204v18]>
MariaDB [csd2204v18]>
MariaDB [csd2204v18]> delete from persons;
Query OK, 2 rows affected (0.14 sec)

MariaDB [csd2204v18]> desc persons;
+-----------+--------------+------+-----+---------+-------+
| Field     | Type         | Null | Key | Default | Extra |
+-----------+--------------+------+-----+---------+-------+
| ID        | int(3)       | NO   | PRI | NULL    |       |
| LasteName | varchar(255) | NO   |     | NULL    |       |
| FirstName | varchar(255) | YES  |     | NULL    |       |
| Age       | int(3)       | YES  |     | NULL    |       |
| CityID    | int(4)       | YES  | MUL | NULL    |       |
+-----------+--------------+------+-----+---------+-------+
5 rows in set (0.00 sec)

MariaDB [csd2204v18]> drop table cust;
Query OK, 0 rows affected (0.21 sec)

MariaDB [csd2204v18]> drop tables c;
Query OK, 0 rows affected (0.19 sec)

MariaDB [csd2204v18]> exit
Bye

730110@128-IMAC19 c:\xampp
# mysql dump -u root -p csd2204v18>day5.sql;

730110@128-IMAC19 c:\xampp
# mysql dump -u root -p csd2204v18 > day5.sql;

730110@128-IMAC19 c:\xampp
# mysqldump -u root -p csd2204v18 > day5.sql;
Enter password:
mysqldump: Couldn't find table: ";"

730110@128-IMAC19 c:\xampp
# mysqldump -u root -p csd2204v18 > day5.sql;
Enter password:
mysqldump: Couldn't find table: ";"

730110@128-IMAC19 c:\xampp
# mysqldump -p -u root csd2204v18 > day5.sql;
Enter password:
mysqldump: Couldn't find table: ";"

730110@128-IMAC19 c:\xampp
#

730110@128-IMAC19 c:\xampp
#